Microchip MPLAB XC8 Compiler V2.36

Linker command line:

-W-3 --edf=E:\ARQUITECTURA HERAMIENTA\pic\dat\en_msgs.txt -cn \
  -h+dist/default/production\CleanFishv2.X.production.sym \
  --cmf=dist/default/production\CleanFishv2.X.production.cmf -z -Q18F4550 \
  -oC:\Users\PC\AppData\Local\Temp\xcAsbnc.4 --defsym=__MPLAB_BUILD=1 \
  -Mdist/default/production/CleanFishv2.X.production.map \
  --md=C:\Users\PC\AppData\Local\Temp\xcAsbnc.dat -E1 -ver=XC8 Compiler \
  --acfsm=1493 -ACODE=00h-07FFFh -ACONST=00h-07FFFh \
  -ASMALLCONST=0800h-08FFhx120 -AMEDIUMCONST=0800h-07FFFh -ACOMRAM=01h-05Fh \
  -AABS1=00h-07FFh -ABIGRAM=01h-07FFh -ARAM=060h-0FFh,0100h-01FFhx7 \
  -ABANK0=060h-0FFh -ABANK1=0100h-01FFh -ABANK2=0200h-02FFh \
  -ABANK3=0300h-03FFh -ABANK4=0400h-04FFh -ABANK5=0500h-05FFh \
  -ABANK6=0600h-06FFh -ABANK7=0700h-07FFh -ASFR=0F60h-0FFFh \
  -ABIGSFR=0F60h-0FFFh -ACONFIG=0300000h-030000Dh -AIDLOC=0200000h-0200007h \
  -AEEDATA=0F00000h-0F000FFh -peeprom_data=EEDATA \
  -preset_vec=00h,intcode,intcodelo,powerup,init -pramtop=0800h \
  -psmallconst=SMALLCONST -pmediumconst=MEDIUMCONST -pconst=CONST \
  -AFARRAM=00h-00h \
  -prdata=COMRAM,nvrram=COMRAM,nvbit=COMRAM,rbss=COMRAM,rbit=COMRAM \
  -pfarbss=FARRAM,fardata=FARRAM,nvFARRAM=FARRAM \
  -pintsave_regs=BIGRAM,bigbss=BIGRAM,bigdata=BIGRAM -pbss=RAM \
  -pidata=CODE,irdata=CODE,ibigdata=CODE,ifardata=CODE -prparam=COMRAM \
  C:\Users\PC\AppData\Local\Temp\xcAsbnc.o \
  dist/default/production\CleanFishv2.X.production.o 

Object code version is 3.11

Machine type is 18F4550



                Name                               Link     Load   Length Selector   Space Scale
C:\Users\PC\AppData\Local\Temp\xcAsbnc.o
                idloc                            200000   200000        8        0       5
                config                           300000   300000        E        0       4
                init                                  0        0        4        0       0
dist/default/production\CleanFishv2.X.production.o
                idloc                            200000   200000        8        0       5
                config                           300000   300000        E        0       4
                smallconst                          800      800       20      400       0
                text6                               A96      A96       50      410       0
                text5                               BDE      BDE       34      410       0
                text4                               A46      A46       50      410       0
                text3                               BA8      BA8       36      410       0
                text2                               B2E      B2E       40      410       0
                text1                               820      820      226      410       0
                text0                               AE6      AE6       48      410       0
                cstackCOMRAM                         16       16        A        1       1
                dataCOMRAM                            1        1       15        1       1
                bssCOMRAM                            20       20        9        1       1
                cinit                               B6E      B6E       3A      410       0
                idataCOMRAM                         C12      C12       15      410       0

TOTAL           Name                               Link     Load   Length     Space
        CLASS   CODE           
                init                                  0        0        4         0
                text6                               A96      A96       50         0
                text5                               BDE      BDE       34         0
                text4                               A46      A46       50         0
                text3                               BA8      BA8       36         0
                text2                               B2E      B2E       40         0
                text1                               820      820      226         0
                text0                               AE6      AE6       48         0
                cinit                               B6E      B6E       3A         0
                idataCOMRAM                         C12      C12       15         0

        CLASS   CONST          

        CLASS   SMALLCONST     
                smallconst                          800      800       20         0

        CLASS   MEDIUMCONST    

        CLASS   COMRAM         
                cstackCOMRAM                         16       16        A         1
                dataCOMRAM                            1        1       15         1
                bssCOMRAM                            20       20        9         1

        CLASS   ABS1           

        CLASS   BIGRAM         

        CLASS   RAM            

        CLASS   BANK0          

        CLASS   BANK1          

        CLASS   BANK2          

        CLASS   BANK3          

        CLASS   BANK4          

        CLASS   BANK5          

        CLASS   BANK6          

        CLASS   BANK7          

        CLASS   SFR            

        CLASS   BIGSFR         

        CLASS   CONFIG         
                config                           300000   300000        E         4

        CLASS   IDLOC          
                idloc                            200000   200000        8         5

        CLASS   EEDATA         

        CLASS   FARRAM         

        CLASS   HEAP           

        CLASS   STACK          



SEGMENTS        Name                           Load    Length   Top    Selector   Space  Class

                reset_vec                      000000  000004  000004         0       0  CODE    
                dataCOMRAM                     000001  000028  000029         1       1  COMRAM  
                smallconst                     000800  000020  000820       400       0  SMALLCON
                text1                          000820  000407  000C27       410       0  CODE    


UNUSED ADDRESS RANGES

        Name                Unused          Largest block    Delta
        BANK0            000060-0000FF               A0
        BANK1            000100-0001FF              100
        BANK2            000200-0002FF              100
        BANK3            000300-0003FF              100
        BANK4            000400-0004FF              100
        BANK5            000500-0005FF              100
        BANK6            000600-0006FF              100
        BANK7            000700-0007FF              100
        BIGRAM           000029-0007FF              7D7
        BIGSFR           000F60-000FFF               A0
        CODE             000004-0007FF              7FC
                         000C27-007FFF             73D9
        COMRAM           000029-00005F               37
        CONST            000004-0007FF              7FC
                         000C27-007FFF             73D9
        EEDATA           F00000-F000FF              100
        MEDIUMCONST      000C27-007FFF             73D9
        RAM              000060-0007FF              100
        SFR              000F60-000FFF               A0
        SMALLCONST       000C27-007FFF              100

                                  Symbol Table

Keypad_Key_Press@F3225         smallconst   000801
LCD_Char@dat                   cstackCOMRAM 000017
LCD_Command@cmd                cstackCOMRAM 000017
LCD_String@msg                 cstackCOMRAM 000018
LCD_String_xy@location         cstackCOMRAM 00001E
LCD_String_xy@msg              cstackCOMRAM 00001B
LCD_String_xy@pos              cstackCOMRAM 00001A
LCD_String_xy@row              cstackCOMRAM 00001D
_LATB                          (abs)        000F8A
_LATD                          (abs)        000F8C
_LATD0                         (abs)        007C60
_LATD1                         (abs)        007C61
_LCD_Char                      text4        000A46
_LCD_Command                   text6        000A96
_LCD_Init                      text5        000BDE
_LCD_String                    text3        000BA8
_LCD_String_xy                 text2        000B2E
_OSCCON                        (abs)        000FD3
_PORTB                         (abs)        000F81
_PORTD                         (abs)        000F83
_PORTDbits                     (abs)        000F83
_RBPU                          (abs)        007F8F
_TRISB                         (abs)        000F93
_TRISD                         (abs)        000F95
__HRAM                         (abs)        000000
__Habs1                        abs1         000000
__Hbank0                       bank0        000000
__Hbank1                       bank1        000000
__Hbank2                       bank2        000000
__Hbank3                       bank3        000000
__Hbank4                       bank4        000000
__Hbank5                       bank5        000000
__Hbank6                       bank6        000000
__Hbank7                       bank7        000000
__Hbigbss                      bigbss       000000
__Hbigdata                     bigdata      000000
__Hbigram                      bigram       000000
__Hbigsfr                      bigsfr       000000
__Hbss                         bss          000000
__HbssCOMRAM                   bssCOMRAM    000000
__Hcinit                       cinit        000000
__Hclrtext                     clrtext      000000
__Hcomram                      comram       000000
__Hconfig                      config       30000E
__Hconst                       const        000000
__HcstackCOMRAM                cstackCOMRAM 000000
__Hdata                        data         000000
__HdataCOMRAM                  dataCOMRAM   000000
__Heeprom_data                 eeprom_data  000000
__Hfarbss                      farbss       000000
__Hfardata                     fardata      000000
__Hheap                        heap         000000
__Hibigdata                    ibigdata     000000
__Hidata                       idata        000000
__HidataCOMRAM                 idataCOMRAM  000000
__Hidloc                       idloc        200008
__Hifardata                    ifardata     000000
__Hinit                        init         000004
__Hintcode                     intcode      000000
__Hintcode_body                intcode_body 000000
__Hintcodelo                   intcodelo    000000
__Hintentry                    intentry     000000
__Hintret                      intret       000000
__Hintsave_regs                intsave_regs 000000
__Hirdata                      irdata       000000
__Hmediumconst                 mediumconst  000000
__HnvFARRAM                    nvFARRAM     000000
__Hnvbit                       nvbit        000000
__Hnvrram                      nvrram       000000
__Hparam                       rparam       000000
__Hpowerup                     powerup      000000
__Hram                         ram          000000
__Hramtop                      ramtop       000800
__Hrbit                        rbit         000000
__Hrbss                        rbss         000000
__Hrdata                       rdata        000000
__Hreset_vec                   reset_vec    000000
__Hrparam                      rparam       000000
__Hsfr                         sfr          000000
__Hsmallconst                  smallconst   000820
__Hspace_0                     (abs)        000C27
__Hspace_1                     (abs)        000029
__Hspace_2                     (abs)        000000
__Hspace_4                     (abs)        60000E
__Hstack                       stack        000000
__Hstruct                      struct       000000
__Htemp                        temp         000000
__Htext                        text         000000
__Htext0                       text0        000000
__Htext1                       text1        000000
__Htext2                       text2        000000
__Htext3                       text3        000000
__Htext4                       text4        000000
__Htext5                       text5        000000
__Htext6                       text6        000000
__LRAM                         (abs)        000001
__Labs1                        abs1         000000
__Lbank0                       bank0        000000
__Lbank1                       bank1        000000
__Lbank2                       bank2        000000
__Lbank3                       bank3        000000
__Lbank4                       bank4        000000
__Lbank5                       bank5        000000
__Lbank6                       bank6        000000
__Lbank7                       bank7        000000
__Lbigbss                      bigbss       000000
__Lbigdata                     bigdata      000000
__Lbigram                      bigram       000000
__Lbigsfr                      bigsfr       000000
__Lbss                         bss          000000
__LbssCOMRAM                   bssCOMRAM    000000
__Lcinit                       cinit        000000
__Lclrtext                     clrtext      000000
__Lcomram                      comram       000000
__Lconfig                      config       000000
__Lconst                       const        000000
__LcstackCOMRAM                cstackCOMRAM 000000
__Ldata                        data         000000
__LdataCOMRAM                  dataCOMRAM   000000
__Leeprom_data                 eeprom_data  000000
__Lfarbss                      farbss       000000
__Lfardata                     fardata      000000
__Lheap                        heap         000000
__Libigdata                    ibigdata     000000
__Lidata                       idata        000000
__LidataCOMRAM                 idataCOMRAM  000000
__Lidloc                       idloc        000000
__Lifardata                    ifardata     000000
__Linit                        init         000000
__Lintcode                     intcode      000000
__Lintcode_body                intcode_body 000000
__Lintcodelo                   intcodelo    000000
__Lintentry                    intentry     000000
__Lintret                      intret       000000
__Lintsave_regs                intsave_regs 000000
__Lirdata                      irdata       000000
__Lmediumconst                 mediumconst  000000
__LnvFARRAM                    nvFARRAM     000000
__Lnvbit                       nvbit        000000
__Lnvrram                      nvrram       000000
__Lparam                       rparam       000000
__Lpowerup                     powerup      000000
__Lram                         ram          000000
__Lramtop                      ramtop       000800
__Lrbit                        rbit         000000
__Lrbss                        rbss         000000
__Lrdata                       rdata        000000
__Lreset_vec                   reset_vec    000000
__Lrparam                      rparam       000000
__Lsfr                         sfr          000000
__Lsmallconst                  smallconst   000800
__Lspace_0                     (abs)        000000
__Lspace_1                     (abs)        000000
__Lspace_2                     (abs)        000000
__Lspace_4                     (abs)        000000
__Lstack                       stack        000000
__Lstruct                      struct       000000
__Ltemp                        temp         000000
__Ltext                        text         000000
__Ltext0                       text0        000000
__Ltext1                       text1        000000
__Ltext2                       text2        000000
__Ltext3                       text3        000000
__Ltext4                       text4        000000
__Ltext5                       text5        000000
__Ltext6                       text6        000000
__S0                           (abs)        000C27
__S1                           (abs)        000029
__S4                           (abs)        000000
__S5                           (abs)        000000
___heap_hi                     (abs)        000000
___heap_lo                     (abs)        000000
___inthi_sp                    stack        000000
___intlo_sp                    stack        000000
___param_bank                  (abs)        000000
___rparam_used                 (abs)        000001
___sp                          stack        000000
__accesstop                    (abs)        000060
__activetblptr                 (abs)        000001
__end_ofKeypad_Key_Press@F3225 smallconst   000812
__end_of_LCD_Char              text4        000A96
__end_of_LCD_Command           text6        000AE6
__end_of_LCD_Init              text5        000C12
__end_of_LCD_String            text3        000BDE
__end_of_LCD_String_xy         text2        000B6E
__end_of__initialization       cinit        000B9A
__end_of_keyfind               text1        000A46
__end_of_main                  text0        000B2E
__initialization               cinit        000B6E
__mediumconst                  mediumconst  000000
__pbssCOMRAM                   bssCOMRAM    000020
__pcinit                       cinit        000B6E
__pcstackCOMRAM                cstackCOMRAM 000016
__pdataCOMRAM                  dataCOMRAM   000001
__pidataCOMRAM                 idataCOMRAM  000C12
__psmallconst                  smallconst   000800
__ptext0                       text0        000AE6
__ptext1                       text1        000820
__ptext2                       text2        000B2E
__ptext3                       text3        000BA8
__ptext4                       text4        000A46
__ptext5                       text5        000BDE
__ptext6                       text6        000A96
__ramtop                       ramtop       000800
__smallconst                   smallconst   000800
_col_loc                       bssCOMRAM    000028
_idx                           bssCOMRAM    000025
_keyfind                       text1        000820
_keypad                        dataCOMRAM   000001
_main                          text0        000AE6
_pass_user                     bssCOMRAM    000020
_password                      dataCOMRAM   000011
_rowloc                        bssCOMRAM    000027
_temp_col                      bssCOMRAM    000026
end_of_initialization          cinit        000B9A
intlevel0                      text         000000
intlevel1                      text         000000
intlevel2                      text         000000
intlevel3                      text         000000
isa$std                        (abs)        000001
isa$xinst                      (abs)        000000
main@key                       cstackCOMRAM 00001F
stackhi                        (abs)        000000
stacklo                        (abs)        000000
start                          init         000000
start_initialization           cinit        000B6E


MODULE INFORMATION

Module		Function		Class		Link	Load	Size
shared
		__initialization		CODE           	0B6E	0000	44
		Keypad_Key_Press@F3225		SMALLCONST     	0801	0000	17

shared estimated size: 61

main.c
		_keyfind       		CODE           	0820	0000	550
		_main          		CODE           	0AE6	0000	72

main.c estimated size: 622

LCD.c
		_LCD_String    		CODE           	0BA8	0000	54
		_LCD_Init      		CODE           	0BDE	0000	52
		_LCD_Command   		CODE           	0A96	0000	80
		_LCD_String_xy 		CODE           	0B2E	0000	64
		_LCD_Char      		CODE           	0A46	0000	80

LCD.c estimated size: 330

